≡ƒÜÇ Iniciando teste de regress├úo: Mapeamento de Adicionais M├║ltiplos

≡ƒô¥ Mensagem: "quero 2 x tudo e 1 marmita pequena com arroz e feijao"
[AgentEmployee] Interpretando mensagem: "quero 2 x tudo e 1 marmita pequena com arroz e feijao"
[AgentEmployee] Inten├º├úo detectada: ORDER
[AgentEmployee] foundByRegex: [
  { name: 'X-Tudo', q: 2 },
  { name: 'Marmita Pequena', q: 1 },
  { name: 'Feij├úo', q: 1 },
  { name: 'Arroz', q: 1 }
]
[AgentEmployee] intentItems: [ 'X-Tudo', 'Marmita Pequena' ]
[AgentEmployee] mainItems: 2 modifiers: 2
[AgentEmployee] Adding main item X-Tudo q:2, size: N/A, mods: 0
[CartService] addItem: X-Tudo (ID: 1), modifiers: 0, size: N/A
[AgentEmployee] Adding main item Marmita Pequena q:1, size: P, mods: 0
[CartService] addItem: Marmita Pequena (ID: 3), modifiers: 0, size: P
[CartService] formatCart items: 2

≡ƒôª Conte├║do do Carrinho:
- 2x X-Tudo
  ΓööΓöÇ (Sem adicionais)
- 1x Marmita Pequena
  ΓööΓöÇ (Sem adicionais)

Γ¥î TESTE FALHOU:
  - ERRO: Marmita Pequena n├úo tem adicionais (esperava Arroz e Feij├úo)
