

[1m[35mΓòöΓòÉΓòÉΓòÉΓòÉΓòÉΓòÉΓòÉΓòÉΓòÉΓòÉΓòÉΓòÉΓòÉΓòÉΓòÉΓòÉΓòÉΓòÉΓòÉΓòÉΓòÉΓòÉΓòÉΓòÉΓòÉΓòÉΓòÉΓòÉΓòÉΓòÉΓòÉΓòÉΓòÉΓòÉΓòÉΓòÉΓòÉΓòÉΓòÉΓòÉΓòÉΓòÉΓòÉΓòÉΓòÉΓòÉΓòÉΓòÉΓòÉΓòÉΓòÉΓòÉΓòÉΓòÉΓòÉΓòÉΓòÉΓòÉΓòÉΓòÉΓòù[0m
[1m[35mΓòæ     DIRECT ORDER - SUITE DE TESTES DO WORD ANALYZER        Γòæ[0m
[1m[35mΓòÜΓòÉΓòÉΓòÉΓòÉΓòÉΓòÉΓòÉΓòÉΓòÉΓòÉΓòÉΓòÉΓòÉΓòÉΓòÉΓòÉΓòÉΓòÉΓòÉΓòÉΓòÉΓòÉΓòÉΓòÉΓòÉΓòÉΓòÉΓòÉΓòÉΓòÉΓòÉΓòÉΓòÉΓòÉΓòÉΓòÉΓòÉΓòÉΓòÉΓòÉΓòÉΓòÉΓòÉΓòÉΓòÉΓòÉΓòÉΓòÉΓòÉΓòÉΓòÉΓòÉΓòÉΓòÉΓòÉΓòÉΓòÉΓòÉΓòÉΓòÉΓò¥[0m

============================================================
[1m[36mTESTE 1: Tokeniza├º├úo[0m
============================================================
[33m
Γû╢ Input: "Quero 2 x-salada"[0m
[34m  Γä╣∩╕Å  Tokens: [quero, 2, x-salada][0m
[33m
Γû╢ Input: "2 coca 2l e 1 batata"[0m
[34m  Γä╣∩╕Å  Tokens: [2, coca, 2l, e, 1, batata][0m
[33m
Γû╢ Input: "X-BACON sem cebola!!!"[0m
[34m  Γä╣∩╕Å  Tokens: [x-bacon, sem, cebola][0m
[33m
Γû╢ Input: "um hamb├║rguer, por favor"[0m
[34m  Γä╣∩╕Å  Tokens: [um, hamburguer, por, favor][0m
[33m
Γû╢ Input: "a├ºa├¡ 500ml com granola"[0m
[34m  Γä╣∩╕Å  Tokens: [acai, 500ml, com, granola][0m

============================================================
[1m[36mTESTE 2: Extra├º├úo de Quantidade[0m
============================================================
[33m
Γû╢ Input: "2 x-salada"[0m
[32m  Γ£à Quantidade: 2 (esperado: 2)[0m
[33m
Γû╢ Input: "dois hamburgueres"[0m
[32m  Γ£à Quantidade: 2 (esperado: 2)[0m
[33m
Γû╢ Input: "quero tres cocas"[0m
[32m  Γ£à Quantidade: 3 (esperado: 3)[0m
[33m
Γû╢ Input: "uma batata"[0m
[32m  Γ£à Quantidade: 1 (esperado: 1)[0m
[33m
Γû╢ Input: "meia duzia de coxinhas"[0m
[31m  Γ¥î Quantidade: 1 (esperado: 6)[0m
[33m
Γû╢ Input: "10 refrigerantes"[0m
[32m  Γ£à Quantidade: 10 (esperado: 10)[0m
[33m
Γû╢ Input: "x-bacon"[0m
[32m  Γ£à Quantidade: 1 (esperado: 1)[0m

============================================================
[1m[36mTESTE 3: Extra├º├úo de Modificadores[0m
============================================================
[33m
Γû╢ Input: "x-salada sem cebola"[0m
[34m  Γä╣∩╕Å  Remo├º├╡es: [cebola][0m
[34m  Γä╣∩╕Å  Adi├º├╡es: [][0m
[34m  Γä╣∩╕Å  Preparo: nenhum[0m
[32m  Γ£à Observa├º├úo formatada: "sem cebola"[0m
[33m
Γû╢ Input: "hamburguer com bacon extra"[0m
[34m  Γä╣∩╕Å  Remo├º├╡es: [][0m
[34m  Γä╣∩╕Å  Adi├º├╡es: [bacon][0m
[34m  Γä╣∩╕Å  Preparo: nenhum[0m
[32m  Γ£à Observa├º├úo formatada: "com bacon"[0m
[33m
Γû╢ Input: "x-tudo sem tomate com queijo"[0m
[34m  Γä╣∩╕Å  Remo├º├╡es: [tomate][0m
[34m  Γä╣∩╕Å  Adi├º├╡es: [queijo][0m
[34m  Γä╣∩╕Å  Preparo: nenhum[0m
[32m  Γ£à Observa├º├úo formatada: "sem tomate, com queijo"[0m
[33m
Γû╢ Input: "bife mal passado"[0m
[34m  Γä╣∩╕Å  Remo├º├╡es: [][0m
[34m  Γä╣∩╕Å  Adi├º├╡es: [][0m
[34m  Γä╣∩╕Å  Preparo: mal passado[0m
[32m  Γ£à Observa├º├úo formatada: "mal passado"[0m
[33m
Γû╢ Input: "hamburguer ao ponto"[0m
[34m  Γä╣∩╕Å  Remo├º├╡es: [][0m
[34m  Γä╣∩╕Å  Adi├º├╡es: [][0m
[34m  Γä╣∩╕Å  Preparo: ao ponto[0m
[32m  Γ£à Observa├º├úo formatada: "ao ponto"[0m
[33m
Γû╢ Input: "x-bacon bem passado sem cebola"[0m
[34m  Γä╣∩╕Å  Remo├º├╡es: [cebola][0m
[34m  Γä╣∩╕Å  Adi├º├╡es: [][0m
[34m  Γä╣∩╕Å  Preparo: bem passado[0m
[32m  Γ£à Observa├º├úo formatada: "sem cebola, bem passado"[0m

============================================================
[1m[36mTESTE 4: Segmenta├º├úo de M├║ltiplos Itens[0m
============================================================
[33m
Γû╢ Input: "2 coca 2l e 1 x-salada"[0m
node : SyntaxError: Invalid regular expression: /\s++\s+/gi: Nothing to repeat
At line:1 char:1
+ node server/direct-order/tests/test-word-analyzer.js > test-output.tx ...
+ ~~~~~~~~~~~~~~~~~~~~~~~~~~~~~~~~~~~~~~~~~~~~~~~~~~~~~~~~~~~~~~~~~~~~~
    + CategoryInfo          : NotSpecified: (SyntaxError: In...thing to repeat:String) [], RemoteEx 
   ception
    + FullyQualifiedErrorId : NativeCommandError
 
    at new RegExp (<anonymous>)
    at splitIntoSegments (file:///D:/VENDA/IZAQUE%20CAMPESTRE/Saas-Restaurante/server/direct-order/c
ore/word-analyzer.js:151:23)
    at testSegmentation (file:///D:/VENDA/IZAQUE%20CAMPESTRE/Saas-Restaurante/server/direct-order/te
sts/test-word-analyzer.js:204:26)
    at runAllTests (file:///D:/VENDA/IZAQUE%20CAMPESTRE/Saas-Restaurante/server/direct-order/tests/t
est-word-analyzer.js:389:11)
